interactions:
- request:
    body: null
    headers:
      Accept:
      - application/json
      Accept-Encoding:
      - gzip, deflate
      CommandName:
      - cdn afd-security-policy list
      Connection:
      - keep-alive
      ParameterSetName:
      - -g --profile-name
      User-Agent:
      - python/3.8.3 (Windows-10-10.0.19041-SP0) msrest/0.6.18 msrest_azure/0.6.3
        azure-mgmt-cdn/6.0.0 Azure-SDK-For-Python AZURECLI/2.17.1
      accept-language:
      - en-US
    method: GET
    uri: https://management.azure.com/subscriptions/00000000-0000-0000-0000-000000000000/resourceGroups/clitest.rg000001/providers/Microsoft.Cdn/profiles/profilesecuritytest/securityPolicies?api-version=2020-09-01
  response:
    body:
      string: '{"error":{"code":"ParentResourceNotFound","message":"Can not perform
        requested operation on nested resource. Parent resource ''profilesecuritytest''
        not found."}}'
    headers:
      cache-control:
      - no-cache
      content-length:
      - '160'
      content-type:
      - application/json; charset=utf-8
      date:
      - Mon, 01 Feb 2021 13:08:09 GMT
      expires:
      - '-1'
      pragma:
      - no-cache
      strict-transport-security:
      - max-age=31536000; includeSubDomains
      x-content-type-options:
      - nosniff
      x-ms-failure-cause:
      - gateway
    status:
      code: 404
      message: Not Found
- request:
    body: null
    headers:
      Accept:
      - application/json
      Accept-Encoding:
      - gzip, deflate
      CommandName:
      - cdn profile create
      Connection:
      - keep-alive
      ParameterSetName:
      - -g -n --sku
      User-Agent:
      - python/3.8.3 (Windows-10-10.0.19041-SP0) msrest/0.6.18 msrest_azure/0.6.3
        azure-mgmt-resource/12.0.0 Azure-SDK-For-Python AZURECLI/2.17.1
      accept-language:
      - en-US
    method: GET
    uri: https://management.azure.com/subscriptions/00000000-0000-0000-0000-000000000000/resourcegroups/clitest.rg000001?api-version=2020-10-01
  response:
    body:
      string: '{"id":"/subscriptions/00000000-0000-0000-0000-000000000000/resourceGroups/clitest.rg000001","name":"clitest.rg000001","type":"Microsoft.Resources/resourceGroups","location":"westus","tags":{"product":"azurecli","cause":"automation","date":"2021-02-01T13:08:06Z"},"properties":{"provisioningState":"Succeeded"}}'
    headers:
      cache-control:
      - no-cache
      content-length:
      - '428'
      content-type:
      - application/json; charset=utf-8
      date:
      - Mon, 01 Feb 2021 13:08:09 GMT
      expires:
      - '-1'
      pragma:
      - no-cache
      strict-transport-security:
      - max-age=31536000; includeSubDomains
      vary:
      - Accept-Encoding
      x-content-type-options:
      - nosniff
    status:
      code: 200
      message: OK
- request:
    body: '{"location": "westus", "sku": {"name": "Standard_AzureFrontDoor"}}'
    headers:
      Accept:
      - application/json
      Accept-Encoding:
      - gzip, deflate
      CommandName:
      - cdn profile create
      Connection:
      - keep-alive
      Content-Length:
      - '66'
      Content-Type:
      - application/json; charset=utf-8
      ParameterSetName:
      - -g -n --sku
      User-Agent:
      - python/3.8.3 (Windows-10-10.0.19041-SP0) msrest/0.6.18 msrest_azure/0.6.3
        azure-mgmt-cdn/6.0.0 Azure-SDK-For-Python AZURECLI/2.17.1
      accept-language:
      - en-US
    method: PUT
    uri: https://management.azure.com/subscriptions/00000000-0000-0000-0000-000000000000/resourceGroups/clitest.rg000001/providers/Microsoft.Cdn/profiles/profilesecuritytest?api-version=2020-09-01
  response:
    body:
      string: '{"id":"/subscriptions/00000000-0000-0000-0000-000000000000/resourcegroups/clitest.rg000001/providers/Microsoft.Cdn/profiles/profilesecuritytest","type":"Microsoft.Cdn/profiles","name":"profilesecuritytest","location":"WestUs","kind":"frontdoor","tags":{},"sku":{"name":"Standard_AzureFrontDoor"},"properties":{"frontDoorId":"99ad65f6-e618-4745-b33e-f78688ea5694","resourceState":"Creating","provisioningState":"Creating"}}'
    headers:
      azure-asyncoperation:
      - https://management.azure.com/subscriptions/00000000-0000-0000-0000-000000000000/resourcegroups/clitest.rg000001/providers/Microsoft.Cdn/operationresults/a8269111-bbc6-44c7-b272-e895226bdfa7?api-version=2020-09-01
      cache-control:
      - no-cache
      content-length:
      - '481'
      content-type:
      - application/json; charset=utf-8
      date:
      - Mon, 01 Feb 2021 13:08:16 GMT
      expires:
      - '-1'
      pragma:
      - no-cache
      server:
      - Kestrel
      strict-transport-security:
      - max-age=31536000; includeSubDomains
      x-content-type-options:
      - nosniff
      x-ms-ratelimit-remaining-subscription-resource-requests:
      - '22'
    status:
      code: 201
      message: Created
- request:
    body: null
    headers:
      Accept:
      - application/json
      Accept-Encoding:
      - gzip, deflate
      CommandName:
      - cdn profile create
      Connection:
      - keep-alive
      ParameterSetName:
      - -g -n --sku
      User-Agent:
      - python/3.8.3 (Windows-10-10.0.19041-SP0) msrest/0.6.18 msrest_azure/0.6.3
        azure-mgmt-cdn/6.0.0 Azure-SDK-For-Python AZURECLI/2.17.1
    method: GET
    uri: https://management.azure.com/subscriptions/00000000-0000-0000-0000-000000000000/resourcegroups/clitest.rg000001/providers/Microsoft.Cdn/operationresults/a8269111-bbc6-44c7-b272-e895226bdfa7?api-version=2020-09-01
  response:
    body:
      string: '{"status":"Succeeded","error":{"code":"None","message":null}}'
    headers:
      cache-control:
      - no-cache
      content-length:
      - '61'
      content-type:
      - application/json; charset=utf-8
      date:
      - Mon, 01 Feb 2021 13:08:26 GMT
      expires:
      - '-1'
      pragma:
      - no-cache
      server:
      - Kestrel
      strict-transport-security:
      - max-age=31536000; includeSubDomains
      transfer-encoding:
      - chunked
      vary:
      - Accept-Encoding
      x-content-type-options:
      - nosniff
    status:
      code: 200
      message: OK
- request:
    body: null
    headers:
      Accept:
      - application/json
      Accept-Encoding:
      - gzip, deflate
      CommandName:
      - cdn profile create
      Connection:
      - keep-alive
      ParameterSetName:
      - -g -n --sku
      User-Agent:
      - python/3.8.3 (Windows-10-10.0.19041-SP0) msrest/0.6.18 msrest_azure/0.6.3
        azure-mgmt-cdn/6.0.0 Azure-SDK-For-Python AZURECLI/2.17.1
    method: GET
    uri: https://management.azure.com/subscriptions/00000000-0000-0000-0000-000000000000/resourceGroups/clitest.rg000001/providers/Microsoft.Cdn/profiles/profilesecuritytest?api-version=2020-09-01
  response:
    body:
      string: '{"id":"/subscriptions/00000000-0000-0000-0000-000000000000/resourcegroups/clitest.rg000001/providers/Microsoft.Cdn/profiles/profilesecuritytest","type":"Microsoft.Cdn/profiles","name":"profilesecuritytest","location":"WestUs","kind":"frontdoor","tags":{},"sku":{"name":"Standard_AzureFrontDoor"},"properties":{"frontDoorId":"99ad65f6-e618-4745-b33e-f78688ea5694","resourceState":"Active","provisioningState":"Succeeded"}}'
    headers:
      cache-control:
      - no-cache
      content-length:
      - '480'
      content-type:
      - application/json; charset=utf-8
      date:
      - Mon, 01 Feb 2021 13:08:27 GMT
      expires:
      - '-1'
      pragma:
      - no-cache
      server:
      - Kestrel
      strict-transport-security:
      - max-age=31536000; includeSubDomains
      transfer-encoding:
      - chunked
      vary:
      - Accept-Encoding
      x-content-type-options:
      - nosniff
      x-ms-ratelimit-remaining-subscription-resource-requests:
      - '49'
    status:
      code: 200
      message: OK
- request:
    body: null
    headers:
      Accept:
      - application/json
      Accept-Encoding:
      - gzip, deflate
      CommandName:
      - cdn afd-security-policy list
      Connection:
      - keep-alive
      ParameterSetName:
      - -g --profile-name
      User-Agent:
      - python/3.8.3 (Windows-10-10.0.19041-SP0) msrest/0.6.18 msrest_azure/0.6.3
        azure-mgmt-cdn/6.0.0 Azure-SDK-For-Python AZURECLI/2.17.1
      accept-language:
      - en-US
    method: GET
    uri: https://management.azure.com/subscriptions/00000000-0000-0000-0000-000000000000/resourceGroups/clitest.rg000001/providers/Microsoft.Cdn/profiles/profilesecuritytest/securityPolicies?api-version=2020-09-01
  response:
    body:
      string: '{"value":[]}'
    headers:
      cache-control:
      - no-cache
      content-length:
      - '12'
      content-type:
      - application/json; charset=utf-8
      date:
      - Mon, 01 Feb 2021 13:08:29 GMT
      expires:
      - '-1'
      pragma:
      - no-cache
      server:
      - Kestrel
      strict-transport-security:
      - max-age=31536000; includeSubDomains
      transfer-encoding:
      - chunked
      vary:
      - Accept-Encoding
      x-content-type-options:
      - nosniff
    status:
      code: 200
      message: OK
- request:
    body: null
    headers:
      Accept:
      - application/json
      Accept-Encoding:
      - gzip, deflate
      CommandName:
      - cdn afd-endpoint create
      Connection:
      - keep-alive
      ParameterSetName:
      - -g --endpoint-name --profile-name --origin-response-timeout-seconds --enabled-state
      User-Agent:
      - python/3.8.3 (Windows-10-10.0.19041-SP0) msrest/0.6.18 msrest_azure/0.6.3
        azure-mgmt-resource/12.0.0 Azure-SDK-For-Python AZURECLI/2.17.1
      accept-language:
      - en-US
    method: GET
    uri: https://management.azure.com/subscriptions/00000000-0000-0000-0000-000000000000/resourcegroups/clitest.rg000001?api-version=2020-10-01
  response:
    body:
      string: '{"id":"/subscriptions/00000000-0000-0000-0000-000000000000/resourceGroups/clitest.rg000001","name":"clitest.rg000001","type":"Microsoft.Resources/resourceGroups","location":"westus","tags":{"product":"azurecli","cause":"automation","date":"2021-02-01T13:08:06Z"},"properties":{"provisioningState":"Succeeded"}}'
    headers:
      cache-control:
      - no-cache
      content-length:
      - '428'
      content-type:
      - application/json; charset=utf-8
      date:
      - Mon, 01 Feb 2021 13:08:30 GMT
      expires:
      - '-1'
      pragma:
      - no-cache
      strict-transport-security:
      - max-age=31536000; includeSubDomains
      vary:
      - Accept-Encoding
      x-content-type-options:
      - nosniff
    status:
      code: 200
      message: OK
- request:
    body: '{"location": "westus", "properties": {"originResponseTimeoutSeconds": 100,
      "enabledState": "Enabled"}}'
    headers:
      Accept:
      - application/json
      Accept-Encoding:
      - gzip, deflate
      CommandName:
      - cdn afd-endpoint create
      Connection:
      - keep-alive
      Content-Length:
      - '102'
      Content-Type:
      - application/json; charset=utf-8
      ParameterSetName:
      - -g --endpoint-name --profile-name --origin-response-timeout-seconds --enabled-state
      User-Agent:
      - python/3.8.3 (Windows-10-10.0.19041-SP0) msrest/0.6.18 msrest_azure/0.6.3
        azure-mgmt-cdn/6.0.0 Azure-SDK-For-Python AZURECLI/2.17.1
      accept-language:
      - en-US
    method: PUT
    uri: https://management.azure.com/subscriptions/00000000-0000-0000-0000-000000000000/resourceGroups/clitest.rg000001/providers/Microsoft.Cdn/profiles/profilesecuritytest/afdEndpoints/endpoint1000002?api-version=2020-09-01
  response:
    body:
      string: '{"id":"/subscriptions/00000000-0000-0000-0000-000000000000/resourcegroups/clitest.rg000001/providers/Microsoft.Cdn/profiles/profilesecuritytest/afdEndpoints/endpoint1000002","type":"Microsoft.Cdn/profiles/afdendpoints","name":"endpoint1000002","location":"WestUs","tags":{},"properties":{"hostName":"endpoint1000002.z01.azurefd.net","originResponseTimeoutSeconds":100,"enabledState":"Enabled","provisioningState":"Creating","deploymentStatus":"NotStarted"}}'
    headers:
      azure-asyncoperation:
      - https://management.azure.com/subscriptions/00000000-0000-0000-0000-000000000000/resourcegroups/clitest.rg000001/providers/Microsoft.Cdn/operationresults/39770414-7b17-4e91-997c-74a30aa1fab8?api-version=2020-09-01
      cache-control:
      - no-cache
      content-length:
      - '543'
      content-type:
      - application/json; charset=utf-8
      date:
      - Mon, 01 Feb 2021 13:08:36 GMT
      expires:
      - '-1'
      pragma:
      - no-cache
      server:
      - Kestrel
      strict-transport-security:
      - max-age=31536000; includeSubDomains
      x-content-type-options:
      - nosniff
      x-ms-ratelimit-remaining-subscription-resource-requests:
      - '97'
    status:
      code: 201
      message: Created
- request:
    body: null
    headers:
      Accept:
      - application/json
      Accept-Encoding:
      - gzip, deflate
      CommandName:
      - cdn afd-endpoint create
      Connection:
      - keep-alive
      ParameterSetName:
      - -g --endpoint-name --profile-name --origin-response-timeout-seconds --enabled-state
      User-Agent:
      - python/3.8.3 (Windows-10-10.0.19041-SP0) msrest/0.6.18 msrest_azure/0.6.3
        azure-mgmt-cdn/6.0.0 Azure-SDK-For-Python AZURECLI/2.17.1
    method: GET
    uri: https://management.azure.com/subscriptions/00000000-0000-0000-0000-000000000000/resourcegroups/clitest.rg000001/providers/Microsoft.Cdn/operationresults/39770414-7b17-4e91-997c-74a30aa1fab8?api-version=2020-09-01
  response:
    body:
      string: '{"status":"Succeeded","error":{"code":"None","message":null}}'
    headers:
      cache-control:
      - no-cache
      content-length:
      - '61'
      content-type:
      - application/json; charset=utf-8
      date:
      - Mon, 01 Feb 2021 13:08:47 GMT
      expires:
      - '-1'
      pragma:
      - no-cache
      server:
      - Kestrel
      strict-transport-security:
      - max-age=31536000; includeSubDomains
      transfer-encoding:
      - chunked
      vary:
      - Accept-Encoding
      x-content-type-options:
      - nosniff
    status:
      code: 200
      message: OK
- request:
    body: null
    headers:
      Accept:
      - application/json
      Accept-Encoding:
      - gzip, deflate
      CommandName:
      - cdn afd-endpoint create
      Connection:
      - keep-alive
      ParameterSetName:
      - -g --endpoint-name --profile-name --origin-response-timeout-seconds --enabled-state
      User-Agent:
      - python/3.8.3 (Windows-10-10.0.19041-SP0) msrest/0.6.18 msrest_azure/0.6.3
        azure-mgmt-cdn/6.0.0 Azure-SDK-For-Python AZURECLI/2.17.1
    method: GET
    uri: https://management.azure.com/subscriptions/00000000-0000-0000-0000-000000000000/resourceGroups/clitest.rg000001/providers/Microsoft.Cdn/profiles/profilesecuritytest/afdEndpoints/endpoint1000002?api-version=2020-09-01
  response:
    body:
      string: '{"id":"/subscriptions/00000000-0000-0000-0000-000000000000/resourcegroups/clitest.rg000001/providers/Microsoft.Cdn/profiles/profilesecuritytest/afdEndpoints/endpoint1000002","type":"Microsoft.Cdn/profiles/afdendpoints","name":"endpoint1000002","location":"WestUs","tags":{},"properties":{"hostName":"endpoint1000002.z01.azurefd.net","originResponseTimeoutSeconds":100,"enabledState":"Enabled","provisioningState":"Succeeded","deploymentStatus":"NotStarted"}}'
    headers:
      cache-control:
      - no-cache
      content-length:
      - '544'
      content-type:
      - application/json; charset=utf-8
      date:
      - Mon, 01 Feb 2021 13:08:48 GMT
      expires:
      - '-1'
      pragma:
      - no-cache
      server:
      - Kestrel
      strict-transport-security:
      - max-age=31536000; includeSubDomains
      transfer-encoding:
      - chunked
      vary:
      - Accept-Encoding
      x-content-type-options:
      - nosniff
      x-ms-ratelimit-remaining-subscription-resource-requests:
      - '49'
    status:
      code: 200
      message: OK
- request:
    body: null
    headers:
      Accept:
      - application/json
      Accept-Encoding:
      - gzip, deflate
      CommandName:
      - cdn afd-endpoint create
      Connection:
      - keep-alive
      ParameterSetName:
      - -g --endpoint-name --profile-name --origin-response-timeout-seconds --enabled-state
      User-Agent:
      - python/3.8.3 (Windows-10-10.0.19041-SP0) msrest/0.6.18 msrest_azure/0.6.3
        azure-mgmt-resource/12.0.0 Azure-SDK-For-Python AZURECLI/2.17.1
      accept-language:
      - en-US
    method: GET
    uri: https://management.azure.com/subscriptions/00000000-0000-0000-0000-000000000000/resourcegroups/clitest.rg000001?api-version=2020-10-01
  response:
    body:
      string: '{"id":"/subscriptions/00000000-0000-0000-0000-000000000000/resourceGroups/clitest.rg000001","name":"clitest.rg000001","type":"Microsoft.Resources/resourceGroups","location":"westus","tags":{"product":"azurecli","cause":"automation","date":"2021-02-01T13:08:06Z"},"properties":{"provisioningState":"Succeeded"}}'
    headers:
      cache-control:
      - no-cache
      content-length:
      - '428'
      content-type:
      - application/json; charset=utf-8
      date:
      - Mon, 01 Feb 2021 13:08:49 GMT
      expires:
      - '-1'
      pragma:
      - no-cache
      strict-transport-security:
      - max-age=31536000; includeSubDomains
      vary:
      - Accept-Encoding
      x-content-type-options:
      - nosniff
    status:
      code: 200
      message: OK
- request:
    body: '{"location": "westus", "properties": {"originResponseTimeoutSeconds": 100,
      "enabledState": "Enabled"}}'
    headers:
      Accept:
      - application/json
      Accept-Encoding:
      - gzip, deflate
      CommandName:
      - cdn afd-endpoint create
      Connection:
      - keep-alive
      Content-Length:
      - '102'
      Content-Type:
      - application/json; charset=utf-8
      ParameterSetName:
      - -g --endpoint-name --profile-name --origin-response-timeout-seconds --enabled-state
      User-Agent:
      - python/3.8.3 (Windows-10-10.0.19041-SP0) msrest/0.6.18 msrest_azure/0.6.3
        azure-mgmt-cdn/6.0.0 Azure-SDK-For-Python AZURECLI/2.17.1
      accept-language:
      - en-US
    method: PUT
    uri: https://management.azure.com/subscriptions/00000000-0000-0000-0000-000000000000/resourceGroups/clitest.rg000001/providers/Microsoft.Cdn/profiles/profilesecuritytest/afdEndpoints/endpoint2000003?api-version=2020-09-01
  response:
    body:
      string: '{"id":"/subscriptions/00000000-0000-0000-0000-000000000000/resourcegroups/clitest.rg000001/providers/Microsoft.Cdn/profiles/profilesecuritytest/afdEndpoints/endpoint2000003","type":"Microsoft.Cdn/profiles/afdendpoints","name":"endpoint2000003","location":"WestUs","tags":{},"properties":{"hostName":"endpoint2000003.z01.azurefd.net","originResponseTimeoutSeconds":100,"enabledState":"Enabled","provisioningState":"Creating","deploymentStatus":"NotStarted"}}'
    headers:
      azure-asyncoperation:
      - https://management.azure.com/subscriptions/00000000-0000-0000-0000-000000000000/resourcegroups/clitest.rg000001/providers/Microsoft.Cdn/operationresults/540acff1-6d0f-4f2f-bb48-5ceeca026e1f?api-version=2020-09-01
      cache-control:
      - no-cache
      content-length:
      - '543'
      content-type:
      - application/json; charset=utf-8
      date:
      - Mon, 01 Feb 2021 13:08:56 GMT
      expires:
      - '-1'
      pragma:
      - no-cache
      server:
      - Kestrel
      strict-transport-security:
      - max-age=31536000; includeSubDomains
      x-content-type-options:
      - nosniff
      x-ms-ratelimit-remaining-subscription-resource-requests:
      - '97'
    status:
      code: 201
      message: Created
- request:
    body: null
    headers:
      Accept:
      - application/json
      Accept-Encoding:
      - gzip, deflate
      CommandName:
      - cdn afd-endpoint create
      Connection:
      - keep-alive
      ParameterSetName:
      - -g --endpoint-name --profile-name --origin-response-timeout-seconds --enabled-state
      User-Agent:
      - python/3.8.3 (Windows-10-10.0.19041-SP0) msrest/0.6.18 msrest_azure/0.6.3
        azure-mgmt-cdn/6.0.0 Azure-SDK-For-Python AZURECLI/2.17.1
    method: GET
    uri: https://management.azure.com/subscriptions/00000000-0000-0000-0000-000000000000/resourcegroups/clitest.rg000001/providers/Microsoft.Cdn/operationresults/540acff1-6d0f-4f2f-bb48-5ceeca026e1f?api-version=2020-09-01
  response:
    body:
      string: '{"status":"Succeeded","error":{"code":"None","message":null}}'
    headers:
      cache-control:
      - no-cache
      content-length:
      - '61'
      content-type:
      - application/json; charset=utf-8
      date:
      - Mon, 01 Feb 2021 13:09:07 GMT
      expires:
      - '-1'
      pragma:
      - no-cache
      server:
      - Kestrel
      strict-transport-security:
      - max-age=31536000; includeSubDomains
      transfer-encoding:
      - chunked
      vary:
      - Accept-Encoding
      x-content-type-options:
      - nosniff
    status:
      code: 200
      message: OK
- request:
    body: null
    headers:
      Accept:
      - application/json
      Accept-Encoding:
      - gzip, deflate
      CommandName:
      - cdn afd-endpoint create
      Connection:
      - keep-alive
      ParameterSetName:
      - -g --endpoint-name --profile-name --origin-response-timeout-seconds --enabled-state
      User-Agent:
      - python/3.8.3 (Windows-10-10.0.19041-SP0) msrest/0.6.18 msrest_azure/0.6.3
        azure-mgmt-cdn/6.0.0 Azure-SDK-For-Python AZURECLI/2.17.1
    method: GET
    uri: https://management.azure.com/subscriptions/00000000-0000-0000-0000-000000000000/resourceGroups/clitest.rg000001/providers/Microsoft.Cdn/profiles/profilesecuritytest/afdEndpoints/endpoint2000003?api-version=2020-09-01
  response:
    body:
      string: '{"id":"/subscriptions/00000000-0000-0000-0000-000000000000/resourcegroups/clitest.rg000001/providers/Microsoft.Cdn/profiles/profilesecuritytest/afdEndpoints/endpoint2000003","type":"Microsoft.Cdn/profiles/afdendpoints","name":"endpoint2000003","location":"WestUs","tags":{},"properties":{"hostName":"endpoint2000003.z01.azurefd.net","originResponseTimeoutSeconds":100,"enabledState":"Enabled","provisioningState":"Succeeded","deploymentStatus":"NotStarted"}}'
    headers:
      cache-control:
      - no-cache
      content-length:
      - '544'
      content-type:
      - application/json; charset=utf-8
      date:
      - Mon, 01 Feb 2021 13:09:08 GMT
      expires:
      - '-1'
      pragma:
      - no-cache
      server:
      - Kestrel
      strict-transport-security:
      - max-age=31536000; includeSubDomains
      transfer-encoding:
      - chunked
      vary:
      - Accept-Encoding
      x-content-type-options:
      - nosniff
      x-ms-ratelimit-remaining-subscription-resource-requests:
      - '49'
    status:
      code: 200
      message: OK
- request:
    body: '{"properties": {"parameters": {"type": "WebApplicationFirewall", "wafPolicy":
      {"id": "/subscriptions/00000000-0000-0000-0000-000000000000/resourcegroups/chengll-test3632/providers/Microsoft.Network/frontdoorwebapplicationfirewallpolicies/hellowaf"},
      "associations": [{"domains": [{"id": "/subscriptions/00000000-0000-0000-0000-000000000000/resourcegroups/clitest.rg000001/providers/Microsoft.Cdn/profiles/profilesecuritytest/afdEndpoints/endpoint1000002"},
      {"id": "/subscriptions/00000000-0000-0000-0000-000000000000/resourcegroups/clitest.rg000001/providers/Microsoft.Cdn/profiles/profilesecuritytest/afdEndpoints/endpoint2000003"}],
      "patternsToMatch": ["/*"]}]}}}'
    headers:
      Accept:
      - application/json
      Accept-Encoding:
      - gzip, deflate
      CommandName:
      - cdn afd-security-policy create
      Connection:
      - keep-alive
      Content-Length:
      - '801'
      Content-Type:
      - application/json; charset=utf-8
      ParameterSetName:
      - -g --profile-name --security-policy-name --waf-policy-id --domain-ids
      User-Agent:
      - python/3.8.3 (Windows-10-10.0.19041-SP0) msrest/0.6.18 msrest_azure/0.6.3
        azure-mgmt-cdn/6.0.0 Azure-SDK-For-Python AZURECLI/2.17.1
      accept-language:
      - en-US
    method: PUT
    uri: https://management.azure.com/subscriptions/00000000-0000-0000-0000-000000000000/resourceGroups/clitest.rg000001/providers/Microsoft.Cdn/profiles/profilesecuritytest/securityPolicies/security000004?api-version=2020-09-01
  response:
    body:
      string: '{"id":"/subscriptions/00000000-0000-0000-0000-000000000000/resourcegroups/clitest.rg000001/providers/Microsoft.Cdn/profiles/profilesecuritytest/securitypolicies/security000004","type":"Microsoft.Cdn/profiles/securityPolicies","name":"security000004","properties":{"parameters":{"wafPolicy":{"id":"/subscriptions/00000000-0000-0000-0000-000000000000/resourcegroups/chengll-test3632/providers/Microsoft.Network/frontdoorwebapplicationfirewallpolicies/hellowaf"},"associations":[{"domains":[{"id":"/subscriptions/00000000-0000-0000-0000-000000000000/resourcegroups/clitest.rg000001/providers/Microsoft.Cdn/profiles/profilesecuritytest/afdEndpoints/endpoint1000002"},{"id":"/subscriptions/00000000-0000-0000-0000-000000000000/resourcegroups/clitest.rg000001/providers/Microsoft.Cdn/profiles/profilesecuritytest/afdEndpoints/endpoint2000003"}],"patternsToMatch":["/*"]}],"type":"WebApplicationFirewall"},"deploymentStatus":"NotStarted","provisioningState":"Creating"}}'
    headers:
      azure-asyncoperation:
      - https://management.azure.com/subscriptions/00000000-0000-0000-0000-000000000000/resourcegroups/clitest.rg000001/providers/Microsoft.Cdn/operationresults/ed022e8a-abd5-48b3-9789-c876b6852b27?api-version=2020-09-01
      cache-control:
      - no-cache
      content-length:
      - '1178'
      content-type:
      - application/json; charset=utf-8
      date:
      - Mon, 01 Feb 2021 13:09:10 GMT
      expires:
      - '-1'
      pragma:
      - no-cache
      server:
      - Kestrel
      strict-transport-security:
      - max-age=31536000; includeSubDomains
      x-content-type-options:
      - nosniff
      x-ms-ratelimit-remaining-subscription-resource-requests:
      - '98'
    status:
      code: 201
      message: Created
- request:
    body: null
    headers:
      Accept:
      - application/json
      Accept-Encoding:
      - gzip, deflate
      CommandName:
      - cdn afd-security-policy create
      Connection:
      - keep-alive
      ParameterSetName:
      - -g --profile-name --security-policy-name --waf-policy-id --domain-ids
      User-Agent:
      - python/3.8.3 (Windows-10-10.0.19041-SP0) msrest/0.6.18 msrest_azure/0.6.3
        azure-mgmt-cdn/6.0.0 Azure-SDK-For-Python AZURECLI/2.17.1
    method: GET
    uri: https://management.azure.com/subscriptions/00000000-0000-0000-0000-000000000000/resourcegroups/clitest.rg000001/providers/Microsoft.Cdn/operationresults/ed022e8a-abd5-48b3-9789-c876b6852b27?api-version=2020-09-01
  response:
    body:
      string: '{"status":"Succeeded","error":{"code":"None","message":null}}'
    headers:
      cache-control:
      - no-cache
      content-length:
      - '61'
      content-type:
      - application/json; charset=utf-8
      date:
      - Mon, 01 Feb 2021 13:09:22 GMT
      expires:
      - '-1'
      pragma:
      - no-cache
      server:
      - Kestrel
      strict-transport-security:
      - max-age=31536000; includeSubDomains
      transfer-encoding:
      - chunked
      vary:
      - Accept-Encoding
      x-content-type-options:
      - nosniff
    status:
      code: 200
      message: OK
- request:
    body: null
    headers:
      Accept:
      - application/json
      Accept-Encoding:
      - gzip, deflate
      CommandName:
      - cdn afd-security-policy create
      Connection:
      - keep-alive
      ParameterSetName:
      - -g --profile-name --security-policy-name --waf-policy-id --domain-ids
      User-Agent:
      - python/3.8.3 (Windows-10-10.0.19041-SP0) msrest/0.6.18 msrest_azure/0.6.3
        azure-mgmt-cdn/6.0.0 Azure-SDK-For-Python AZURECLI/2.17.1
    method: GET
    uri: https://management.azure.com/subscriptions/00000000-0000-0000-0000-000000000000/resourceGroups/clitest.rg000001/providers/Microsoft.Cdn/profiles/profilesecuritytest/securityPolicies/security000004?api-version=2020-09-01
  response:
    body:
      string: '{"id":"/subscriptions/00000000-0000-0000-0000-000000000000/resourcegroups/clitest.rg000001/providers/Microsoft.Cdn/profiles/profilesecuritytest/securitypolicies/security000004","type":"Microsoft.Cdn/profiles/securityPolicies","name":"security000004","properties":{"parameters":{"wafPolicy":{"id":"/subscriptions/00000000-0000-0000-0000-000000000000/resourcegroups/chengll-test3632/providers/Microsoft.Network/frontdoorwebapplicationfirewallpolicies/hellowaf"},"associations":[{"domains":[{"id":"/subscriptions/00000000-0000-0000-0000-000000000000/resourcegroups/clitest.rg000001/providers/Microsoft.Cdn/profiles/profilesecuritytest/afdEndpoints/endpoint1000002"},{"id":"/subscriptions/00000000-0000-0000-0000-000000000000/resourcegroups/clitest.rg000001/providers/Microsoft.Cdn/profiles/profilesecuritytest/afdEndpoints/endpoint2000003"}],"patternsToMatch":["/*"]}],"type":"WebApplicationFirewall"},"deploymentStatus":"NotStarted","provisioningState":"Succeeded"}}'
    headers:
      cache-control:
      - no-cache
      content-length:
      - '1179'
      content-type:
      - application/json; charset=utf-8
      date:
      - Mon, 01 Feb 2021 13:09:23 GMT
      expires:
      - '-1'
      pragma:
      - no-cache
      server:
      - Kestrel
      strict-transport-security:
      - max-age=31536000; includeSubDomains
      transfer-encoding:
      - chunked
      vary:
      - Accept-Encoding
      x-content-type-options:
      - nosniff
    status:
      code: 200
      message: OK
- request:
    body: null
    headers:
      Accept:
      - application/json
      Accept-Encoding:
      - gzip, deflate
      CommandName:
      - cdn afd-security-policy show
      Connection:
      - keep-alive
      ParameterSetName:
      - -g --profile-name --security-policy-name
      User-Agent:
      - python/3.8.3 (Windows-10-10.0.19041-SP0) msrest/0.6.18 msrest_azure/0.6.3
        azure-mgmt-cdn/6.0.0 Azure-SDK-For-Python AZURECLI/2.17.1
      accept-language:
      - en-US
    method: GET
    uri: https://management.azure.com/subscriptions/00000000-0000-0000-0000-000000000000/resourceGroups/clitest.rg000001/providers/Microsoft.Cdn/profiles/profilesecuritytest/securityPolicies/security000004?api-version=2020-09-01
  response:
    body:
      string: '{"id":"/subscriptions/00000000-0000-0000-0000-000000000000/resourcegroups/clitest.rg000001/providers/Microsoft.Cdn/profiles/profilesecuritytest/securitypolicies/security000004","type":"Microsoft.Cdn/profiles/securityPolicies","name":"security000004","properties":{"parameters":{"wafPolicy":{"id":"/subscriptions/00000000-0000-0000-0000-000000000000/resourcegroups/chengll-test3632/providers/Microsoft.Network/frontdoorwebapplicationfirewallpolicies/hellowaf"},"associations":[{"domains":[{"id":"/subscriptions/00000000-0000-0000-0000-000000000000/resourcegroups/clitest.rg000001/providers/Microsoft.Cdn/profiles/profilesecuritytest/afdEndpoints/endpoint1000002"},{"id":"/subscriptions/00000000-0000-0000-0000-000000000000/resourcegroups/clitest.rg000001/providers/Microsoft.Cdn/profiles/profilesecuritytest/afdEndpoints/endpoint2000003"}],"patternsToMatch":["/*"]}],"type":"WebApplicationFirewall"},"deploymentStatus":"NotStarted","provisioningState":"Succeeded"}}'
    headers:
      cache-control:
      - no-cache
      content-length:
      - '1179'
      content-type:
      - application/json; charset=utf-8
      date:
      - Mon, 01 Feb 2021 13:09:24 GMT
      expires:
      - '-1'
      pragma:
      - no-cache
      server:
      - Kestrel
      strict-transport-security:
      - max-age=31536000; includeSubDomains
      transfer-encoding:
      - chunked
      vary:
      - Accept-Encoding
      x-content-type-options:
      - nosniff
    status:
      code: 200
      message: OK
- request:
    body: null
    headers:
      Accept:
      - application/json
      Accept-Encoding:
      - gzip, deflate
      CommandName:
      - cdn afd-security-policy list
      Connection:
      - keep-alive
      ParameterSetName:
      - -g --profile-name
      User-Agent:
      - python/3.8.3 (Windows-10-10.0.19041-SP0) msrest/0.6.18 msrest_azure/0.6.3
        azure-mgmt-cdn/6.0.0 Azure-SDK-For-Python AZURECLI/2.17.1
      accept-language:
      - en-US
    method: GET
    uri: https://management.azure.com/subscriptions/00000000-0000-0000-0000-000000000000/resourceGroups/clitest.rg000001/providers/Microsoft.Cdn/profiles/profilesecuritytest/securityPolicies?api-version=2020-09-01
  response:
    body:
      string: '{"value":[{"id":"/subscriptions/00000000-0000-0000-0000-000000000000/resourcegroups/clitest.rg000001/providers/Microsoft.Cdn/profiles/profilesecuritytest/securitypolicies/security000004","type":"Microsoft.Cdn/profiles/securityPolicies","name":"security000004","properties":{"parameters":{"wafPolicy":{"id":"/subscriptions/00000000-0000-0000-0000-000000000000/resourcegroups/chengll-test3632/providers/Microsoft.Network/frontdoorwebapplicationfirewallpolicies/hellowaf"},"associations":[{"domains":[{"id":"/subscriptions/00000000-0000-0000-0000-000000000000/resourcegroups/clitest.rg000001/providers/Microsoft.Cdn/profiles/profilesecuritytest/afdEndpoints/endpoint1000002"},{"id":"/subscriptions/00000000-0000-0000-0000-000000000000/resourcegroups/clitest.rg000001/providers/Microsoft.Cdn/profiles/profilesecuritytest/afdEndpoints/endpoint2000003"}],"patternsToMatch":["/*"]}],"type":"WebApplicationFirewall"},"deploymentStatus":"NotStarted","provisioningState":"Succeeded"}}]}'
    headers:
      cache-control:
      - no-cache
      content-length:
      - '1191'
      content-type:
      - application/json; charset=utf-8
      date:
      - Mon, 01 Feb 2021 13:09:26 GMT
      expires:
      - '-1'
      pragma:
      - no-cache
      server:
      - Kestrel
      strict-transport-security:
      - max-age=31536000; includeSubDomains
      transfer-encoding:
      - chunked
      vary:
      - Accept-Encoding
      x-content-type-options:
      - nosniff
    status:
      code: 200
      message: OK
- request:
    body: null
    headers:
      Accept:
      - application/json
      Accept-Encoding:
      - gzip, deflate
      CommandName:
      - cdn afd-security-policy delete
      Connection:
      - keep-alive
      Content-Length:
      - '0'
      ParameterSetName:
      - -g --profile-name --security-policy-name --yes
      User-Agent:
      - python/3.8.3 (Windows-10-10.0.19041-SP0) msrest/0.6.18 msrest_azure/0.6.3
        azure-mgmt-cdn/6.0.0 Azure-SDK-For-Python AZURECLI/2.17.1
      accept-language:
      - en-US
    method: DELETE
    uri: https://management.azure.com/subscriptions/00000000-0000-0000-0000-000000000000/resourceGroups/clitest.rg000001/providers/Microsoft.Cdn/profiles/profilesecuritytest/securityPolicies/security000004?api-version=2020-09-01
  response:
    body:
      string: ''
    headers:
      azure-asyncoperation:
      - https://management.azure.com/subscriptions/00000000-0000-0000-0000-000000000000/resourcegroups/clitest.rg000001/providers/Microsoft.Cdn/operationresults/1d38e617-9da3-4454-a113-d4a451564342?api-version=2020-09-01
      cache-control:
      - no-cache
      content-length:
      - '0'
      date:
      - Mon, 01 Feb 2021 13:09:28 GMT
      expires:
      - '-1'
      location:
      - https://management.azure.com/subscriptions/00000000-0000-0000-0000-000000000000/resourcegroups/clitest.rg000001/providers/Microsoft.Cdn/operationresults/1d38e617-9da3-4454-a113-d4a451564342/profileresults/profilesecuritytest/securitypolicyresults/security000004?api-version=2020-09-01
      pragma:
      - no-cache
      server:
      - Kestrel
      strict-transport-security:
      - max-age=31536000; includeSubDomains
      x-content-type-options:
      - nosniff
      x-ms-ratelimit-remaining-subscription-deletes:
      - '14999'
    status:
      code: 202
      message: Accepted
- request:
    body: null
    headers:
      Accept:
      - application/json
      Accept-Encoding:
      - gzip, deflate
      CommandName:
      - cdn afd-security-policy delete
      Connection:
      - keep-alive
      ParameterSetName:
      - -g --profile-name --security-policy-name --yes
      User-Agent:
      - python/3.8.3 (Windows-10-10.0.19041-SP0) msrest/0.6.18 msrest_azure/0.6.3
        azure-mgmt-cdn/6.0.0 Azure-SDK-For-Python AZURECLI/2.17.1
    method: GET
    uri: https://management.azure.com/subscriptions/00000000-0000-0000-0000-000000000000/resourcegroups/clitest.rg000001/providers/Microsoft.Cdn/operationresults/1d38e617-9da3-4454-a113-d4a451564342?api-version=2020-09-01
  response:
    body:
      string: '{"status":"InProgress","error":{"code":"None","message":null}}'
    headers:
      cache-control:
      - no-cache
      content-length:
      - '62'
      content-type:
      - application/json; charset=utf-8
      date:
      - Mon, 01 Feb 2021 13:09:39 GMT
      expires:
      - '-1'
      pragma:
      - no-cache
      server:
      - Kestrel
      strict-transport-security:
      - max-age=31536000; includeSubDomains
      transfer-encoding:
      - chunked
      vary:
      - Accept-Encoding
      x-content-type-options:
      - nosniff
    status:
      code: 200
      message: OK
- request:
    body: null
    headers:
      Accept:
      - application/json
      Accept-Encoding:
      - gzip, deflate
      CommandName:
      - cdn afd-security-policy delete
      Connection:
      - keep-alive
      ParameterSetName:
      - -g --profile-name --security-policy-name --yes
      User-Agent:
      - python/3.8.3 (Windows-10-10.0.19041-SP0) msrest/0.6.18 msrest_azure/0.6.3
        azure-mgmt-cdn/6.0.0 Azure-SDK-For-Python AZURECLI/2.17.1
    method: GET
    uri: https://management.azure.com/subscriptions/00000000-0000-0000-0000-000000000000/resourcegroups/clitest.rg000001/providers/Microsoft.Cdn/operationresults/1d38e617-9da3-4454-a113-d4a451564342?api-version=2020-09-01
  response:
    body:
      string: '{"status":"Succeeded","error":{"code":"None","message":null}}'
    headers:
      cache-control:
      - no-cache
      content-length:
      - '61'
      content-type:
      - application/json; charset=utf-8
      date:
      - Mon, 01 Feb 2021 13:10:09 GMT
      expires:
      - '-1'
      pragma:
      - no-cache
      server:
      - Kestrel
      strict-transport-security:
      - max-age=31536000; includeSubDomains
      transfer-encoding:
      - chunked
      vary:
      - Accept-Encoding
      x-content-type-options:
      - nosniff
    status:
      code: 200
      message: OK
- request:
    body: null
    headers:
      Accept:
      - application/json
      Accept-Encoding:
      - gzip, deflate
      CommandName:
      - cdn afd-security-policy list
      Connection:
      - keep-alive
      ParameterSetName:
      - -g --profile-name
      User-Agent:
      - python/3.8.3 (Windows-10-10.0.19041-SP0) msrest/0.6.18 msrest_azure/0.6.3
        azure-mgmt-cdn/6.0.0 Azure-SDK-For-Python AZURECLI/2.17.1
      accept-language:
      - en-US
    method: GET
    uri: https://management.azure.com/subscriptions/00000000-0000-0000-0000-000000000000/resourceGroups/clitest.rg000001/providers/Microsoft.Cdn/profiles/profilesecuritytest/securityPolicies?api-version=2020-09-01
  response:
    body:
      string: '{"value":[]}'
    headers:
      cache-control:
      - no-cache
      content-length:
      - '12'
      content-type:
      - application/json; charset=utf-8
      date:
      - Mon, 01 Feb 2021 13:10:11 GMT
      expires:
      - '-1'
      pragma:
      - no-cache
      server:
      - Kestrel
      strict-transport-security:
      - max-age=31536000; includeSubDomains
      transfer-encoding:
      - chunked
      vary:
      - Accept-Encoding
      x-content-type-options:
      - nosniff
    status:
      code: 200
      message: OK
version: 1
